// Jest Snapshot v1, https://goo.gl/fbAQLP

exports[`<OptForm /> renders the <OptForm /> with populated data 1`] = `
<div
  class="opt-form__Container-sc-8oudnm-0 cfPOoG"
>
  <input
    class="opt-form__Input-sc-8oudnm-1 flzjTn"
    placeholder="Email address"
  />
  <button
    class="opt-form__Button-sc-8oudnm-2 cavwuQ"
  >
    Try it now
     
    <img
      alt="Try Now"
      src="/images/icons/chevron-right.png"
    />
  </button>
  <div
    class="opt-form__Break-sc-8oudnm-4 hHQsws"
  />
  <p
    class="opt-form__Text-sc-8oudnm-3 eRylUo"
  >
    Ready to watch? Enter your email to create or restart your membership.
  </p>
</div>
`;
